------------------------------------------------------------
Timing Analyzer Summary
------------------------------------------------------------

Type  : Slow 1200mV 85C Model Setup 'CLK'
Slack : -3.839
TNS   : -263.003

Type  : Slow 1200mV 85C Model Setup 'PWM:up|stt'
Slack : 0.019
TNS   : 0.000

Type  : Slow 1200mV 85C Model Hold 'PWM:up|stt'
Slack : 0.385
TNS   : 0.000

Type  : Slow 1200mV 85C Model Hold 'CLK'
Slack : 0.479
TNS   : 0.000

Type  : Slow 1200mV 85C Model Minimum Pulse Width 'CLK'
Slack : -3.000
TNS   : -116.012

Type  : Slow 1200mV 85C Model Minimum Pulse Width 'PWM:up|stt'
Slack : -1.487
TNS   : -8.922

Type  : Slow 1200mV 0C Model Setup 'CLK'
Slack : -3.607
TNS   : -245.780

Type  : Slow 1200mV 0C Model Setup 'PWM:up|stt'
Slack : 0.096
TNS   : 0.000

Type  : Slow 1200mV 0C Model Hold 'PWM:up|stt'
Slack : 0.344
TNS   : 0.000

Type  : Slow 1200mV 0C Model Hold 'CLK'
Slack : 0.452
TNS   : 0.000

Type  : Slow 1200mV 0C Model Minimum Pulse Width 'CLK'
Slack : -3.000
TNS   : -116.012

Type  : Slow 1200mV 0C Model Minimum Pulse Width 'PWM:up|stt'
Slack : -1.487
TNS   : -8.922

Type  : Fast 1200mV 0C Model Setup 'CLK'
Slack : -0.886
TNS   : -55.075

Type  : Fast 1200mV 0C Model Setup 'PWM:up|stt'
Slack : 0.579
TNS   : 0.000

Type  : Fast 1200mV 0C Model Hold 'PWM:up|stt'
Slack : 0.159
TNS   : 0.000

Type  : Fast 1200mV 0C Model Hold 'CLK'
Slack : 0.172
TNS   : 0.000

Type  : Fast 1200mV 0C Model Minimum Pulse Width 'CLK'
Slack : -3.000
TNS   : -92.160

Type  : Fast 1200mV 0C Model Minimum Pulse Width 'PWM:up|stt'
Slack : -1.000
TNS   : -6.000

------------------------------------------------------------
